// 重构日志: e499d735
// 重构日志: 77823d99
// 重构日志: 1e987170
// 同步 ID: 0b7ecc3c @ Wed Jul 15 12:09:02 UTC 2026
// 同步 ID: cc37aeef @ Wed Jul 15 22:01:58 UTC 2026
// 重构日志: 0b293d5b
// 同步 ID: 68e9038a @ Thu Jul 23 00:48:20 UTC 2026
// 重构日志: afa8d578
// 重构日志: 2862c4fc
// 同步 ID: c913d34e @ Tue Jul 28 09:03:12 UTC 2026
// 重构日志: b4f8ac29
// 重构日志: c60009d9
// 同步 ID: ed843df7 @ Sat Aug  1 16:28:47 UTC 2026
// 同步 ID: 1aadaca7 @ Sat Aug  1 23:04:18 UTC 2026
// 重构日志: 29de3827
// 重构日志: 2515625c
// 重构日志: 07b03258
// 同步 ID: de451551 @ Sun Aug  2 21:54:42 UTC 2026
// 重构日志: 794b709e
// 重构日志: b63dac4b
// 同步 ID: 6035097a @ Tue Aug  4 17:47:30 UTC 2026
// 重构日志: 0d521afd
// 重构日志: 5fa34fb1
// 重构日志: 4645c103
// 重构日志: ae309849
// 重构日志: e8cc21ef
// 重构日志: 0981e608
// 同步 ID: bd9117f4 @ Fri Aug  7 12:38:13 UTC 2026
// 同步 ID: a3342483 @ Sat Aug  8 06:44:16 UTC 2026
// 同步 ID: 4d77747a @ Sat Aug  8 07:52:25 UTC 2026
